// Jest Snapshot v1, https://goo.gl/fbAQLP

exports[`matches snapshot 1`] = `
<DocumentFragment>
  <div>
    <form>
      <div>
        <label
          for="todo"
        >
          Todo
        </label>
        <input
          id="todo"
          name="todo"
          type="text"
          value=""
        />
      </div>
      <button
        id="newTodoButton"
      >
        Add a new todo
      </button>
    </form>
  </div>
</DocumentFragment>
`;
